[15:41:39] lecture des textes
[15:41:39] 26168 textes, dont 1021 supprimes ; 24298 hors enseignes signalees, dont 698 supprimes
[15:44:06] chargement du modele intfloat/multilingual-e5-base (telechargement au premier appel)
Warning: You are sending unauthenticated requests to the HF Hub. Please set a HF_TOKEN to enable higher rate limits and faster downloads.
C:\Matt\reviewflowz_shared\review-google\.venv\Lib\site-packages\huggingface_hub\file_download.py:150: UserWarning: `huggingface_hub` cache-system uses symlinks by default to efficiently store duplicated files but your machine does not support them in C:\Users\matth\.cache\huggingface\hub\models--intfloat--multilingual-e5-base. Caching files will still work but in a degraded version that might require more space on your disk. This warning can be disabled by setting the `HF_HUB_DISABLE_SYMLINKS_WARNING` environment variable. For more details, see https://huggingface.co/docs/huggingface_hub/how-to-cache#limitations.
To support symlinks on Windows, you either need to activate Developer Mode or to run Python as an administrator. In order to activate developer mode, see this article: https://docs.microsoft.com/en-us/windows/apps/get-started/enable-your-device-for-development
  warnings.warn(message)
C:\Matt\reviewflowz_shared\review-google\.venv\Lib\site-packages\huggingface_hub\file_download.py:150: UserWarning: `huggingface_hub` cache-system uses symlinks by default to efficiently store duplicated files but your machine does not support them in C:\Users\matth\.cache\huggingface\hub. Caching files will still work but in a degraded version that might require more space on your disk. This warning can be disabled by setting the `HF_HUB_DISABLE_SYMLINKS_WARNING` environment variable. For more details, see https://huggingface.co/docs/huggingface_hub/how-to-cache#limitations.
To support symlinks on Windows, you either need to activate Developer Mode or to run Python as an administrator. In order to activate developer mode, see this article: https://docs.microsoft.com/en-us/windows/apps/get-started/enable-your-device-for-development
  warnings.warn(message)
Loading weights:   0%|          | 0/199 [00:00<?, ?it/s]Loading weights:   4%|4         | 8/199 [00:00<00:02, 76.90it/s]Loading weights:  14%|#4        | 28/199 [00:00<00:01, 141.43it/s]Loading weights:  22%|##1       | 43/199 [00:00<00:01, 116.89it/s]Loading weights: 100%|##########| 199/199 [00:00<00:00, 537.40it/s]
C:\Matt\reviewflowz_shared\review-google\etudes-ponctuelles\2026-09-21-texte-embedding-03B\01_embedding.py:111: FutureWarning: The `get_sentence_embedding_dimension` method has been renamed to `get_embedding_dimension`.
  journal(f"modele pret, {modele.get_sentence_embedding_dimension()} dimensions, "
[15:45:36] modele pret, 768 dimensions, longueur maximale 512
[15:45:36] encodage de 26168 textes, 512 par ligne d'avancement
[15:45:41]      512/26168    2.0%  ecoule   0.1 min  reste environ   3.6 min
[15:45:45]     1024/26168    3.9%  ecoule   0.2 min  reste environ   3.8 min
[15:45:51]     1536/26168    5.9%  ecoule   0.2 min  reste environ   3.8 min
[15:45:56]     2048/26168    7.8%  ecoule   0.3 min  reste environ   3.9 min
[15:46:02]     2560/26168    9.8%  ecoule   0.4 min  reste environ   3.9 min
[15:46:08]     3072/26168   11.7%  ecoule   0.5 min  reste environ   3.9 min
[15:46:15]     3584/26168   13.7%  ecoule   0.6 min  reste environ   4.1 min
[15:46:23]     4096/26168   15.7%  ecoule   0.8 min  reste environ   4.2 min
[15:46:34]     4608/26168   17.6%  ecoule   1.0 min  reste environ   4.5 min
[15:46:49]     5120/26168   19.6%  ecoule   1.2 min  reste environ   5.0 min
[15:47:00]     5632/26168   21.5%  ecoule   1.4 min  reste environ   5.1 min
[15:47:11]     6144/26168   23.5%  ecoule   1.6 min  reste environ   5.2 min
[15:47:24]     6656/26168   25.4%  ecoule   1.8 min  reste environ   5.3 min
[15:47:39]     7168/26168   27.4%  ecoule   2.1 min  reste environ   5.4 min
[15:47:55]     7680/26168   29.3%  ecoule   2.3 min  reste environ   5.5 min
[15:48:09]     8192/26168   31.3%  ecoule   2.5 min  reste environ   5.6 min
[15:48:22]     8704/26168   33.3%  ecoule   2.8 min  reste environ   5.5 min
[15:48:36]     9216/26168   35.2%  ecoule   3.0 min  reste environ   5.5 min
[15:48:50]     9728/26168   37.2%  ecoule   3.2 min  reste environ   5.5 min
[15:49:04]    10240/26168   39.1%  ecoule   3.5 min  reste environ   5.4 min
[15:49:20]    10752/26168   41.1%  ecoule   3.7 min  reste environ   5.3 min
[15:49:34]    11264/26168   43.0%  ecoule   4.0 min  reste environ   5.2 min
[15:49:50]    11776/26168   45.0%  ecoule   4.2 min  reste environ   5.2 min
[15:50:05]    12288/26168   47.0%  ecoule   4.5 min  reste environ   5.1 min
[15:50:24]    12800/26168   48.9%  ecoule   4.8 min  reste environ   5.0 min
[15:50:41]    13312/26168   50.9%  ecoule   5.1 min  reste environ   4.9 min
[15:51:02]    13824/26168   52.8%  ecoule   5.4 min  reste environ   4.9 min
[15:51:23]    14336/26168   54.8%  ecoule   5.8 min  reste environ   4.8 min
[15:51:47]    14848/26168   56.7%  ecoule   6.2 min  reste environ   4.7 min
[15:52:10]    15360/26168   58.7%  ecoule   6.6 min  reste environ   4.6 min
[15:52:34]    15872/26168   60.7%  ecoule   7.0 min  reste environ   4.5 min
[15:52:59]    16384/26168   62.6%  ecoule   7.4 min  reste environ   4.4 min
[15:53:25]    16896/26168   64.6%  ecoule   7.8 min  reste environ   4.3 min
[15:53:51]    17408/26168   66.5%  ecoule   8.3 min  reste environ   4.2 min
[15:54:22]    17920/26168   68.5%  ecoule   8.8 min  reste environ   4.0 min
[15:54:50]    18432/26168   70.4%  ecoule   9.2 min  reste environ   3.9 min
[15:55:20]    18944/26168   72.4%  ecoule   9.7 min  reste environ   3.7 min
[15:55:53]    19456/26168   74.4%  ecoule  10.3 min  reste environ   3.5 min
[15:56:27]    19968/26168   76.3%  ecoule  10.9 min  reste environ   3.4 min
[15:57:05]    20480/26168   78.3%  ecoule  11.5 min  reste environ   3.2 min
[15:57:47]    20992/26168   80.2%  ecoule  12.2 min  reste environ   3.0 min
[15:58:34]    21504/26168   82.2%  ecoule  13.0 min  reste environ   2.8 min
[15:59:26]    22016/26168   84.1%  ecoule  13.8 min  reste environ   2.6 min
[16:00:41]    22528/26168   86.1%  ecoule  15.1 min  reste environ   2.4 min
[16:02:07]    23040/26168   88.0%  ecoule  16.5 min  reste environ   2.2 min
[16:03:38]    23552/26168   90.0%  ecoule  18.0 min  reste environ   2.0 min
[16:05:28]    24064/26168   92.0%  ecoule  19.9 min  reste environ   1.7 min
[16:07:43]    24576/26168   93.9%  ecoule  22.1 min  reste environ   1.4 min
[16:09:58]    25088/26168   95.9%  ecoule  24.4 min  reste environ   1.0 min
[16:12:55]    25600/26168   97.8%  ecoule  27.3 min  reste environ   0.6 min
[16:17:35]    26112/26168   99.8%  ecoule  32.0 min  reste environ   0.1 min
[16:18:05]    26168/26168  100.0%  ecoule  32.5 min  reste environ   0.0 min
[16:18:06] encodage termine en 32.5 min
[16:18:06] ecriture du fichier de sortie
[16:18:09] ecrit : C:\Matt\reviewflowz_shared\review-google\data\embeddings\03B_e5base.parquet (39.0 Mo, 26168 lignes, 768 dimensions)
